
> tailadmin-vue-pro@2.2.0 test
> vitest --run


[1m[46m RUN [49m[22m [36mv4.0.17 [39m[90mA:/indusmind-dashboard[39m

 [31mÔØ»[39m src/tests/views/ThermalManagementView.test.ts [2m([22m[2m0 test[22m[2m)[22m
 [31mÔØ»[39m src/tests/views/EnergyHistorical.test.ts [2m([22m[2m0 test[22m[2m)[22m
 [31mÔØ»[39m src/tests/views/ComparisonView.test.ts [2m([22m[2m0 test[22m[2m)[22m
 [31mÔØ»[39m src/tests/views/DashboardView.test.ts [2m([22m[2m0 test[22m[2m)[22m
[90mstdout[2m | src/tests/views/PuissanceView.test.ts[2m > [22m[2mPuissanceView[2m > [22m[2mrenders the component
[22m[39mRestored selected meters for Puissance view: [
  [32m'8'[39m,  [32m'4'[39m,  [32m'3'[39m,
  [32m'5'[39m,  [32m'9'[39m,  [32m'10'[39m,
  [32m'11'[39m, [32m'12'[39m
]

npm : [90mstderr[2m | src/tests/views/PuissanceView.test.ts[2m > 
[22m[2mPuissanceView[2m > [22m[2mrenders the component
Au caractère Ligne:1 : 1
+ npm test -- --run > test-output.txt 2>&1; cat test-output.txt
+ ~~~~~~~~~~~~~~~~~~~~~~~~~~~~~~~~~~~~~~~~
    + CategoryInfo          : NotSpecified: ([90mstderr[2m...s the com 
   ponent:String) [], RemoteException
    + FullyQualifiedErrorId : NativeCommandError
 
[22m[39m[intlify] Not found 'puissance.pageTitle' key in 'en' locale 
messages.
[intlify] Not found 'puissance.pageDescription' key in 'en' locale 
messages.
[intlify] Not found 'dashboard.noMetersSelected.description' key in 'en' 
locale messages.
[intlify] Not found 'puissance.pageTitle' key in 'en' locale messages.
[intlify] Not found 'puissance.pageDescription' key in 'en' locale 
messages.
[intlify] Not found 'puissance.displayMode' key in 'en' locale messages.
[intlify] Not found 'puissance.tabs.overview' key in 'en' locale 
messages.
[intlify] Not found 'puissance.tabs.charts' key in 'en' locale messages.
[intlify] Not found 'puissance.tabs.tables' key in 'en' locale messages.
[intlify] Not found 'puissance.labels.metrics' key in 'en' locale 
messages.
[intlify] Not found 'puissance.kpi.avgPowerLastMonth' key in 'en' locale 
messages.
[intlify] Not found 'puissance.kpi.avgPowerThisMonth' key in 'en' locale 
messages.
[intlify] Not found 'puissance.kpi.avgPowerYesterday' key in 'en' locale 
messages.
[intlify] Not found 'puissance.kpi.avgPowerToday' key in 'en' locale 
messages.
[intlify] Not found 'puissance.kpi.avgPowerBeforeYesterday' key in 'en' 
locale messages.
[intlify] Not found 'puissance.kpi.instantaneousPower' key in 'en' 
locale messages.
[intlify] Not found 'puissance.overview.yearly' key in 'en' locale 
messages.
[intlify] Not found 'puissance.charts.monthlyPower' key in 'en' locale 
messages.
[intlify] Not found 'puissance.charts.monthlyAverage' key in 'en' locale 
messages.
[intlify] Not found 'puissance.labels.daily' key in 'en' locale messages.
[intlify] Not found 'puissance.charts.dailyPower' key in 'en' locale 
messages.
[intlify] Not found 'puissance.charts.monthlyAverage' key in 'en' locale 
messages.
[intlify] Not found 'puissance.labels.hourly' key in 'en' locale 
messages.
[intlify] Not found 'puissance.charts.hourlyPower' key in 'en' locale 
messages.
[intlify] Not found 'puissance.charts.monthlyAverage' key in 'en' locale 
messages.

[90mstdout[2m | src/tests/views/PuissanceView.test.ts[2m > [22m[2mPuissanceView[2m > [22m[2mcomponent mounted successfully
[22m[39mRestored selected meters for Puissance view: [
  [32m'8'[39m,  [32m'4'[39m,  [32m'3'[39m,
  [32m'5'[39m,  [32m'9'[39m,  [32m'10'[39m,
  [32m'11'[39m, [32m'12'[39m
]

[90mstderr[2m | src/tests/views/PuissanceView.test.ts[2m > 
[22m[2mPuissanceView[2m > [22m[2mcomponent mounted successfully
[22m[39m[intlify] Not found 'puissance.pageTitle' key in 'en' locale 
messages.
[intlify] Not found 'puissance.pageDescription' key in 'en' locale 
messages.
[intlify] Not found 'dashboard.noMetersSelected.description' key in 'en' 
locale messages.
[intlify] Not found 'puissance.pageTitle' key in 'en' locale messages.
[intlify] Not found 'puissance.pageDescription' key in 'en' locale 
messages.
[intlify] Not found 'puissance.displayMode' key in 'en' locale messages.
[intlify] Not found 'puissance.tabs.overview' key in 'en' locale 
messages.
[intlify] Not found 'puissance.tabs.charts' key in 'en' locale messages.
[intlify] Not found 'puissance.tabs.tables' key in 'en' locale messages.
[intlify] Not found 'puissance.labels.metrics' key in 'en' locale 
messages.
[intlify] Not found 'puissance.kpi.avgPowerLastMonth' key in 'en' locale 
messages.
[intlify] Not found 'puissance.kpi.avgPowerThisMonth' key in 'en' locale 
messages.
[intlify] Not found 'puissance.kpi.avgPowerYesterday' key in 'en' locale 
messages.
[intlify] Not found 'puissance.kpi.avgPowerToday' key in 'en' locale 
messages.
[intlify] Not found 'puissance.kpi.avgPowerBeforeYesterday' key in 'en' 
locale messages.
[intlify] Not found 'puissance.kpi.instantaneousPower' key in 'en' 
locale messages.
[intlify] Not found 'puissance.overview.yearly' key in 'en' locale 
messages.
[intlify] Not found 'puissance.charts.monthlyPower' key in 'en' locale 
messages.
[intlify] Not found 'puissance.charts.monthlyAverage' key in 'en' locale 
messages.
[intlify] Not found 'puissance.labels.daily' key in 'en' locale messages.
[intlify] Not found 'puissance.charts.dailyPower' key in 'en' locale 
messages.
[intlify] Not found 'puissance.charts.monthlyAverage' key in 'en' locale 
messages.
[intlify] Not found 'puissance.labels.hourly' key in 'en' locale 
messages.
[intlify] Not found 'puissance.charts.hourlyPower' key in 'en' locale 
messages.
[intlify] Not found 'puissance.charts.monthlyAverage' key in 'en' locale 
messages.

[90mstderr[2m | src/tests/views/PuissanceView.test.ts[2m > 
[22m[2mPuissanceView[2m > [22m[2mhas access to store during mount
[22m[39m[intlify] Not found 'puissance.pageTitle' key in 'en' locale 
messages.
[intlify] Not found 'puissance.pageDescription' key in 'en' locale 
messages.
[intlify] Not found 'dashboard.noMetersSelected.description' key in 'en' 
locale messages.
[intlify] Not found 'puissance.pageTitle' key in 'en' locale messages.
[intlify] Not found 'puissance.pageDescription' key in 'en' locale 
messages.
[intlify] Not found 'puissance.displayMode' key in 'en' locale messages.
[intlify] Not found 'puissance.tabs.overview' key in 'en' locale 
messages.
[intlify] Not found 'puissance.tabs.charts' key in 'en' locale messages.
[intlify] Not found 'puissance.tabs.tables' key in 'en' locale messages.
[intlify] Not found 'puissance.labels.metrics' key in 'en' locale 
messages.
[intlify] Not found 'puissance.kpi.avgPowerLastMonth' key in 'en' locale 
messages.
[intlify] Not found 'puissance.kpi.avgPowerThisMonth' key in 'en' locale 
messages.
[intlify] Not found 'puissance.kpi.avgPowerYesterday' key in 'en' locale 
messages.
[intlify] Not found 'puissance.kpi.avgPowerToday' key in 'en' locale 
messages.
[intlify] Not found 'puissance.kpi.avgPowerBeforeYesterday' key in 'en' 
locale messages.
[intlify] Not found 'puissance.kpi.instantaneousPower' key in 'en' 
locale messages.
[intlify] Not found 'puissance.overview.yearly' key in 'en' locale 
messages.
[intlify] Not found 'puissance.charts.monthlyPower' key in 'en' locale 
messages.
[intlify] Not found 'puissance.charts.monthlyAverage' key in 'en' locale 
messages.
[intlify] Not found 'puissance.labels.daily' key in 'en' locale messages.
[intlify] Not found 'puissance.charts.dailyPower' key in 'en' locale 
messages.
[intlify] Not found 'puissance.charts.monthlyAverage' key in 'en' locale 
messages.
[intlify] Not found 'puissance.labels.hourly' key in 'en' locale 
messages.
[intlify] Not found 'puissance.charts.hourlyPower' key in 'en' locale 
messages.
[intlify] Not found 'puissance.charts.monthlyAverage' key in 'en' locale 
messages.

[90mstdout[2m | src/tests/views/PuissanceView.test.ts[2m > [22m[2mPuissanceView[2m > [22m[2mhas access to store during mount
[22m[39mRestored selected meters for Puissance view: [
  [32m'8'[39m,  [32m'4'[39m,  [32m'3'[39m,
  [32m'5'[39m,  [32m'9'[39m,  [32m'10'[39m,
  [32m'11'[39m, [32m'12'[39m
]

[90mstdout[2m | src/tests/views/PuissanceView.test.ts[2m > [22m[2mPuissanceView[2m > [22m[2mwraps content with AdminLayout
[22m[39mRestored selected meters for Puissance view: [
  [32m'8'[39m,  [32m'4'[39m,  [32m'3'[39m,
  [32m'5'[39m,  [32m'9'[39m,  [32m'10'[39m,
  [32m'11'[39m, [32m'12'[39m
]

[90mstderr[2m | src/tests/views/PuissanceView.test.ts[2m > 
[22m[2mPuissanceView[2m > [22m[2mwraps content with AdminLayout
[22m[39m[intlify] Not found 'puissance.pageTitle' key in 'en' locale 
messages.
[intlify] Not found 'puissance.pageDescription' key in 'en' locale 
messages.
[intlify] Not found 'dashboard.noMetersSelected.description' key in 'en' 
locale messages.
[intlify] Not found 'puissance.pageTitle' key in 'en' locale messages.
[intlify] Not found 'puissance.pageDescription' key in 'en' locale 
messages.
[intlify] Not found 'puissance.displayMode' key in 'en' locale messages.
[intlify] Not found 'puissance.tabs.overview' key in 'en' locale 
messages.
[intlify] Not found 'puissance.tabs.charts' key in 'en' locale messages.
[intlify] Not found 'puissance.tabs.tables' key in 'en' locale messages.
[intlify] Not found 'puissance.labels.metrics' key in 'en' locale 
messages.
[intlify] Not found 'puissance.kpi.avgPowerLastMonth' key in 'en' locale 
messages.
[intlify] Not found 'puissance.kpi.avgPowerThisMonth' key in 'en' locale 
messages.
[intlify] Not found 'puissance.kpi.avgPowerYesterday' key in 'en' locale 
messages.
[intlify] Not found 'puissance.kpi.avgPowerToday' key in 'en' locale 
messages.
[intlify] Not found 'puissance.kpi.avgPowerBeforeYesterday' key in 'en' 
locale messages.
[intlify] Not found 'puissance.kpi.instantaneousPower' key in 'en' 
locale messages.
[intlify] Not found 'puissance.overview.yearly' key in 'en' locale 
messages.
[intlify] Not found 'puissance.charts.monthlyPower' key in 'en' locale 
messages.
[intlify] Not found 'puissance.charts.monthlyAverage' key in 'en' locale 
messages.
[intlify] Not found 'puissance.labels.daily' key in 'en' locale messages.
[intlify] Not found 'puissance.charts.dailyPower' key in 'en' locale 
messages.
[intlify] Not found 'puissance.charts.monthlyAverage' key in 'en' locale 
messages.
[intlify] Not found 'puissance.labels.hourly' key in 'en' locale 
messages.
[intlify] Not found 'puissance.charts.hourlyPower' key in 'en' locale 
messages.
[intlify] Not found 'puissance.charts.monthlyAverage' key in 'en' locale 
messages.

[90mstdout[2m | src/tests/views/PuissanceView.test.ts[2m > [22m[2mPuissanceView[2m > [22m[2mrenders main content sections
[22m[39mRestored selected meters for Puissance view: [
  [32m'8'[39m,  [32m'4'[39m,  [32m'3'[39m,
  [32m'5'[39m,  [32m'9'[39m,  [32m'10'[39m,
  [32m'11'[39m, [32m'12'[39m
]

[90mstderr[2m | src/tests/views/PuissanceView.test.ts[2m > 
[22m[2mPuissanceView[2m > [22m[2mrenders main content sections
[22m[39m[intlify] Not found 'puissance.pageTitle' key in 'en' locale 
messages.
[intlify] Not found 'puissance.pageDescription' key in 'en' locale 
messages.
[intlify] Not found 'dashboard.noMetersSelected.description' key in 'en' 
locale messages.
[intlify] Not found 'puissance.pageTitle' key in 'en' locale messages.
[intlify] Not found 'puissance.pageDescription' key in 'en' locale 
messages.
[intlify] Not found 'puissance.displayMode' key in 'en' locale messages.
[intlify] Not found 'puissance.tabs.overview' key in 'en' locale 
messages.
[intlify] Not found 'puissance.tabs.charts' key in 'en' locale messages.
[intlify] Not found 'puissance.tabs.tables' key in 'en' locale messages.
[intlify] Not found 'puissance.labels.metrics' key in 'en' locale 
messages.
[intlify] Not found 'puissance.kpi.avgPowerLastMonth' key in 'en' locale 
messages.
[intlify] Not found 'puissance.kpi.avgPowerThisMonth' key in 'en' locale 
messages.
[intlify] Not found 'puissance.kpi.avgPowerYesterday' key in 'en' locale 
messages.
[intlify] Not found 'puissance.kpi.avgPowerToday' key in 'en' locale 
messages.
[intlify] Not found 'puissance.kpi.avgPowerBeforeYesterday' key in 'en' 
locale messages.
[intlify] Not found 'puissance.kpi.instantaneousPower' key in 'en' 
locale messages.
[intlify] Not found 'puissance.overview.yearly' key in 'en' locale 
messages.
[intlify] Not found 'puissance.charts.monthlyPower' key in 'en' locale 
messages.
[intlify] Not found 'puissance.charts.monthlyAverage' key in 'en' locale 
messages.
[intlify] Not found 'puissance.labels.daily' key in 'en' locale messages.
[intlify] Not found 'puissance.charts.dailyPower' key in 'en' locale 
messages.
[intlify] Not found 'puissance.charts.monthlyAverage' key in 'en' locale 
messages.
[intlify] Not found 'puissance.labels.hourly' key in 'en' locale 
messages.
[intlify] Not found 'puissance.charts.hourlyPower' key in 'en' locale 
messages.
[intlify] Not found 'puissance.charts.monthlyAverage' key in 'en' locale 
messages.

[90mstdout[2m | src/tests/views/PuissanceView.test.ts[2m > [22m[2mPuissanceView[2m > [22m[2mprovides chart rendering infrastructure
[22m[39mRestored selected meters for Puissance view: [
  [32m'8'[39m,  [32m'4'[39m,  [32m'3'[39m,
  [32m'5'[39m,  [32m'9'[39m,  [32m'10'[39m,
  [32m'11'[39m, [32m'12'[39m
]

[90mstderr[2m | src/tests/views/PuissanceView.test.ts[2m > 
[22m[2mPuissanceView[2m > [22m[2mprovides chart rendering 
infrastructure
[22m[39m[intlify] Not found 'puissance.pageTitle' key in 'en' locale 
messages.
[intlify] Not found 'puissance.pageDescription' key in 'en' locale 
messages.
[intlify] Not found 'dashboard.noMetersSelected.description' key in 'en' 
locale messages.
[intlify] Not found 'puissance.pageTitle' key in 'en' locale messages.
[intlify] Not found 'puissance.pageDescription' key in 'en' locale 
messages.
[intlify] Not found 'puissance.displayMode' key in 'en' locale messages.
[intlify] Not found 'puissance.tabs.overview' key in 'en' locale 
messages.
[intlify] Not found 'puissance.tabs.charts' key in 'en' locale messages.
[intlify] Not found 'puissance.tabs.tables' key in 'en' locale messages.
[intlify] Not found 'puissance.labels.metrics' key in 'en' locale 
messages.
[intlify] Not found 'puissance.kpi.avgPowerLastMonth' key in 'en' locale 
messages.
[intlify] Not found 'puissance.kpi.avgPowerThisMonth' key in 'en' locale 
messages.
[intlify] Not found 'puissance.kpi.avgPowerYesterday' key in 'en' locale 
messages.
[intlify] Not found 'puissance.kpi.avgPowerToday' key in 'en' locale 
messages.
[intlify] Not found 'puissance.kpi.avgPowerBeforeYesterday' key in 'en' 
locale messages.
[intlify] Not found 'puissance.kpi.instantaneousPower' key in 'en' 
locale messages.
[intlify] Not found 'puissance.overview.yearly' key in 'en' locale 
messages.
[intlify] Not found 'puissance.charts.monthlyPower' key in 'en' locale 
messages.
[intlify] Not found 'puissance.charts.monthlyAverage' key in 'en' locale 
messages.
[intlify] Not found 'puissance.labels.daily' key in 'en' locale messages.
[intlify] Not found 'puissance.charts.dailyPower' key in 'en' locale 
messages.
[intlify] Not found 'puissance.charts.monthlyAverage' key in 'en' locale 
messages.
[intlify] Not found 'puissance.labels.hourly' key in 'en' locale 
messages.
[intlify] Not found 'puissance.charts.hourlyPower' key in 'en' locale 
messages.
[intlify] Not found 'puissance.charts.monthlyAverage' key in 'en' locale 
messages.

 [32mÔ£ô[39m src/tests/views/PuissanceView.test.ts [2m([22m[2m7 tests[22m[2m)[22m[32m 264[2mms[22m[39m

[31mÔÄ»ÔÄ»ÔÄ»ÔÄ»ÔÄ»ÔÄ»[39m[1m[41m Failed Suites 4 
[49m[22m[31mÔÄ»ÔÄ»ÔÄ»ÔÄ»ÔÄ»ÔÄ»ÔÄ»[39m

[41m[1m FAIL [22m[49m 
src/tests/views/ThermalManagementView.test.ts[2m [ 
src/tests/views/ThermalManagementView.test.ts ][22m
[31m[1mError[22m: Failed to resolve import "@/stores/useSensorsStore" 
from "src/tests/views/ThermalManagementView.test.ts". Does the file 
exist?[39m
  Plugin: [35mvite:import-analysis[39m
  File: [36mA:/indusmind-dashboard/src/tests/views/ThermalManagementView
.test.ts[39m:5:32
[33m  3  |  import { createPinia } from "pinia";
  4  |  import ThermalManagementView from 
"@/features/meters/views/ThermalManagementView.vue";
  5  |  import { useSensorsStore } from "@/stores/useSensorsStore";
     |                                   ^
  6  |  import { createMemoryHistory, createRouter } from "vue-router";
  7  |  import { i18n } from "../setup";[39m
[90m [2mÔØ»[22m TransformPluginContext._formatError 
node_modules/vite/dist/node/chunks/dep-M1IYMR16.js:[2m47574:41[22m[39m
[90m [2mÔØ»[22m TransformPluginContext.error 
node_modules/vite/dist/node/chunks/dep-M1IYMR16.js:[2m47569:16[22m[39m
[90m [2mÔØ»[22m normalizeUrl 
node_modules/vite/dist/node/chunks/dep-M1IYMR16.js:[2m45818:23[22m[39m
[90m [2mÔØ»[22m 
node_modules/vite/dist/node/chunks/dep-M1IYMR16.js:[2m45937:39[22m[39m
[90m [2mÔØ»[22m TransformPluginContext.transform 
node_modules/vite/dist/node/chunks/dep-M1IYMR16.js:[2m45864:7[22m[39m
[90m [2mÔØ»[22m EnvironmentPluginContainer.transform 
node_modules/vite/dist/node/chunks/dep-M1IYMR16.js:[2m47400:18[22m[39m
[90m [2mÔØ»[22m loadAndTransform 
node_modules/vite/dist/node/chunks/dep-M1IYMR16.js:[2m41198:27[22m[39m

[31m[2mÔÄ»ÔÄ»ÔÄ»ÔÄ»ÔÄ»ÔÄ»ÔÄ»ÔÄ»ÔÄ»ÔÄ»ÔÄ»ÔÄ»ÔÄ»ÔÄ»ÔÄ»ÔÄ»ÔÄ»ÔÄ»ÔÄ»ÔÄ»ÔÄ»Ô
Ä»ÔÄ»ÔÄ»[1/4]ÔÄ»[22m[39m

[41m[1m FAIL [22m[49m src/tests/views/ComparisonView.test.ts[2m [ 
src/tests/views/ComparisonView.test.ts ][22m
[31m[1mError[22m: Failed to resolve import "../stores/useMetersStore" 
from "src/features/meters/views/ComparisonView.vue". Does the file 
exist?[39m
  Plugin: [35mvite:import-analysis[39m
  File: [36mA:/indusmind-dashboard/src/features/meters/views/ComparisonV
iew.vue[39m:559:31
[33m  3  |  import { useI18n } from "vue-i18n";
  4  |  import { storeToRefs } from "pinia";
  5  |  import { useMetersStore } from "../stores/useMetersStore";
     |                                  ^
  6  |  import { useDashboardStore } from 
"@/features/dashboard/store/useDashboardStore";
  7  |  import { useComparisonStore } from 
"@/features/meters/store/useComparisonStore";[39m
[90m [2mÔØ»[22m TransformPluginContext._formatError 
node_modules/vite/dist/node/chunks/dep-M1IYMR16.js:[2m47574:41[22m[39m
[90m [2mÔØ»[22m TransformPluginContext.error 
node_modules/vite/dist/node/chunks/dep-M1IYMR16.js:[2m47569:16[22m[39m
[90m [2mÔØ»[22m normalizeUrl 
node_modules/vite/dist/node/chunks/dep-M1IYMR16.js:[2m45818:23[22m[39m
[90m [2mÔØ»[22m 
node_modules/vite/dist/node/chunks/dep-M1IYMR16.js:[2m45937:39[22m[39m
[90m [2mÔØ»[22m TransformPluginContext.transform 
node_modules/vite/dist/node/chunks/dep-M1IYMR16.js:[2m45864:7[22m[39m
[90m [2mÔØ»[22m EnvironmentPluginContainer.transform 
node_modules/vite/dist/node/chunks/dep-M1IYMR16.js:[2m47400:18[22m[39m
[90m [2mÔØ»[22m loadAndTransform 
node_modules/vite/dist/node/chunks/dep-M1IYMR16.js:[2m41198:27[22m[39m

[31m[2mÔÄ»ÔÄ»ÔÄ»ÔÄ»ÔÄ»ÔÄ»ÔÄ»ÔÄ»ÔÄ»ÔÄ»ÔÄ»ÔÄ»ÔÄ»ÔÄ»ÔÄ»ÔÄ»ÔÄ»ÔÄ»ÔÄ»ÔÄ»ÔÄ»Ô
Ä»ÔÄ»ÔÄ»[2/4]ÔÄ»[22m[39m

[41m[1m FAIL [22m[49m src/tests/views/EnergyHistorical.test.ts[2m [ 
src/tests/views/EnergyHistorical.test.ts ][22m
[31m[1mError[22m: Failed to resolve import 
"../components/layout/AdminLayout.vue" from 
"src/features/meters/views/EnergyHistorical.vue". Does the file 
exist?[39m
  Plugin: [35mvite:import-analysis[39m
  File: [36mA:/indusmind-dashboard/src/features/meters/views/EnergyHisto
rical.vue[39m:426:24
[33m  2  |  import { ref, computed, watch, onMounted, onBeforeUnmount, 
nextTick } from "vue";
  3  |  import { Chart, CategoryScale, LinearScale, PointElement, 
LineElement, BarElement, Title, Tooltip, Legend, Filler, LineController, 
BarController } from "chart.js";
  4  |  import AdminLayout from "../components/layout/AdminLayout.vue";
     |                           ^
  5  |  import CompteurSelector from 
"@/components/dashboard/CompteurSelector.vue";
  6  |  import { useEnergyHistoryStore } from 
"@/features/meters/store/useEnergyHistoryStore";[39m
[90m [2mÔØ»[22m TransformPluginContext._formatError 
node_modules/vite/dist/node/chunks/dep-M1IYMR16.js:[2m47574:41[22m[39m
[90m [2mÔØ»[22m TransformPluginContext.error 
node_modules/vite/dist/node/chunks/dep-M1IYMR16.js:[2m47569:16[22m[39m
[90m [2mÔØ»[22m normalizeUrl 
node_modules/vite/dist/node/chunks/dep-M1IYMR16.js:[2m45818:23[22m[39m
[90m [2mÔØ»[22m 
node_modules/vite/dist/node/chunks/dep-M1IYMR16.js:[2m45937:39[22m[39m
[90m [2mÔØ»[22m TransformPluginContext.transform 
node_modules/vite/dist/node/chunks/dep-M1IYMR16.js:[2m45864:7[22m[39m
[90m [2mÔØ»[22m EnvironmentPluginContainer.transform 
node_modules/vite/dist/node/chunks/dep-M1IYMR16.js:[2m47400:18[22m[39m
[90m [2mÔØ»[22m loadAndTransform 
node_modules/vite/dist/node/chunks/dep-M1IYMR16.js:[2m41198:27[22m[39m

[31m[2mÔÄ»ÔÄ»ÔÄ»ÔÄ»ÔÄ»ÔÄ»ÔÄ»ÔÄ»ÔÄ»ÔÄ»ÔÄ»ÔÄ»ÔÄ»ÔÄ»ÔÄ»ÔÄ»ÔÄ»ÔÄ»ÔÄ»ÔÄ»ÔÄ»Ô
Ä»ÔÄ»ÔÄ»[3/4]ÔÄ»[22m[39m

[41m[1m FAIL [22m[49m src/tests/views/DashboardView.test.ts[2m [ 
src/tests/views/DashboardView.test.ts ][22m
[31m[1mError[22m: Failed to resolve import "../stores/useAlertsStore" 
from "src/composables/useRealtimeData.ts". Does the file exist?[39m
  Plugin: [35mvite:import-analysis[39m
  File: 
[36mA:/indusmind-dashboard/src/composables/useRealtimeData.ts[39m:9:31
[33m  2  |  import { useDashboardStore } from 
"@/features/dashboard/store/useDashboardStore";
  3  |  import { useEquipmentStore } from "../stores/useEquipmentStore";
  4  |  import { useAlertsStore } from "../stores/useAlertsStore";
     |                                  ^
  5  |  export function useRealtimeData() {
  6  |    const dashboardStore = useDashboardStore();[39m
[90m [2mÔØ»[22m TransformPluginContext._formatError 
node_modules/vite/dist/node/chunks/dep-M1IYMR16.js:[2m47574:41[22m[39m
[90m [2mÔØ»[22m TransformPluginContext.error 
node_modules/vite/dist/node/chunks/dep-M1IYMR16.js:[2m47569:16[22m[39m
[90m [2mÔØ»[22m normalizeUrl 
node_modules/vite/dist/node/chunks/dep-M1IYMR16.js:[2m45818:23[22m[39m
[90m [2mÔØ»[22m 
node_modules/vite/dist/node/chunks/dep-M1IYMR16.js:[2m45937:39[22m[39m
[90m [2mÔØ»[22m TransformPluginContext.transform 
node_modules/vite/dist/node/chunks/dep-M1IYMR16.js:[2m45864:7[22m[39m
[90m [2mÔØ»[22m EnvironmentPluginContainer.transform 
node_modules/vite/dist/node/chunks/dep-M1IYMR16.js:[2m47400:18[22m[39m
[90m [2mÔØ»[22m loadAndTransform 
node_modules/vite/dist/node/chunks/dep-M1IYMR16.js:[2m41198:27[22m[39m

[31m[2mÔÄ»ÔÄ»ÔÄ»ÔÄ»ÔÄ»ÔÄ»ÔÄ»ÔÄ»ÔÄ»ÔÄ»ÔÄ»ÔÄ»ÔÄ»ÔÄ»ÔÄ»ÔÄ»ÔÄ»ÔÄ»ÔÄ»ÔÄ»ÔÄ»Ô
Ä»ÔÄ»ÔÄ»[4/4]ÔÄ»[22m[39m


[2m Test Files [22m [1m[31m4 failed[39m[22m[2m | [22m[1m[32m1 passed[39m[22m[90m (5)[39m
[2m      Tests [22m [1m[32m7 passed[39m[22m[90m (7)[39m
[2m   Start at [22m 10:00:43
[2m   Duration [22m 5.42s[2m (transform 4.59s, setup 2.18s, import 2.75s, tests 264ms, environment 5.97s)[22m

